
> studio-dashboard@1.0.0 build
> next build

The module 'react' was not found. Next.js requires that you include it in 'dependencies' of your 'package.json'. To add it, run 'npm install react'
unhandledRejection Error: Cannot find module 'react'
Require stack:
- /workspaces/studio-dashboard/node_modules/next/dist/server/app-render/dynamic-rendering.js
- /workspaces/studio-dashboard/node_modules/next/dist/server/async-storage/static-generation-async-storage-wrapper.js
- /workspaces/studio-dashboard/node_modules/next/dist/build/utils.js
- /workspaces/studio-dashboard/node_modules/next/dist/build/entries.js
- /workspaces/studio-dashboard/node_modules/next/dist/build/index.js
- /workspaces/studio-dashboard/node_modules/next/dist/cli/next-build.js
    at Function.<anonymous> (node:internal/modules/cjs/loader:1401:15)
    at /workspaces/studio-dashboard/node_modules/next/dist/server/require-hook.js:55:36
    at defaultResolveImpl (node:internal/modules/cjs/loader:1057:19)
    at resolveForCJSWithHooks (node:internal/modules/cjs/loader:1062:22)
    at Function._load (node:internal/modules/cjs/loader:1211:37)
    at TracingChannel.traceSync (node:diagnostics_channel:322:14)
    at wrapModuleLoad (node:internal/modules/cjs/loader:235:24)
    at Module.<anonymous> (node:internal/modules/cjs/loader:1487:12)
    at mod.require (/workspaces/studio-dashboard/node_modules/next/dist/server/require-hook.js:65:28)
    at require (node:internal/modules/helpers:135:16) {
  code: 'MODULE_NOT_FOUND',
  requireStack: [
    '/workspaces/studio-dashboard/node_modules/next/dist/server/app-render/dynamic-rendering.js',
    '/workspaces/studio-dashboard/node_modules/next/dist/server/async-storage/static-generation-async-storage-wrapper.js',
    '/workspaces/studio-dashboard/node_modules/next/dist/build/utils.js',
    '/workspaces/studio-dashboard/node_modules/next/dist/build/entries.js',
    '/workspaces/studio-dashboard/node_modules/next/dist/build/index.js',
    '/workspaces/studio-dashboard/node_modules/next/dist/cli/next-build.js'
  ]
}
